// Jest Snapshot v1, https://goo.gl/fbAQLP

exports[`Layout renders correctly 1`] = `
<div
  className="makeStyles-root-1"
>
  <header
    className="MuiPaper-root MuiAppBar-root MuiAppBar-positionStatic MuiAppBar-colorPrimary makeStyles-appBarNav-8 MuiPaper-elevation4"
  >
    <button
      className="MuiButtonBase-root MuiIconButton-root makeStyles-mobileMenu-18 MuiIconButton-edgeStart"
      disabled={false}
      onBlur={[Function]}
      onClick={[Function]}
      onDragLeave={[Function]}
      onFocus={[Function]}
      onKeyDown={[Function]}
      onKeyUp={[Function]}
      onMouseDown={[Function]}
      onMouseLeave={[Function]}
      onMouseUp={[Function]}
      onTouchEnd={[Function]}
      onTouchMove={[Function]}
      onTouchStart={[Function]}
      tabIndex={0}
      type="button"
    >
      <span
        className="MuiIconButton-label"
      >
        <svg
          aria-hidden="true"
          className="MuiSvgIcon-root"
          focusable="false"
          viewBox="0 0 24 24"
        >
          <path
            d="M3 18h18v-2H3v2zm0-5h18v-2H3v2zm0-7v2h18V6H3z"
          />
        </svg>
        <h6
          className="MuiTypography-root makeStyles-mobileHeading-17 MuiTypography-h6"
        >
          GA Demos & Tools
        </h6>
      </span>
      <span
        className="MuiTouchRipple-root"
      />
    </button>
    <button
      aria-describedby={null}
      className="MuiButtonBase-root MuiIconButton-root"
      disabled={false}
      onBlur={[Function]}
      onClick={[Function]}
      onDragLeave={[Function]}
      onFocus={[Function]}
      onKeyDown={[Function]}
      onKeyUp={[Function]}
      onMouseDown={[Function]}
      onMouseLeave={[Function]}
      onMouseOver={[Function]}
      onMouseUp={[Function]}
      onTouchEnd={[Function]}
      onTouchMove={[Function]}
      onTouchStart={[Function]}
      tabIndex={0}
      title="Login"
      type="button"
    >
      <span
        className="MuiIconButton-label"
      >
        <svg
          aria-hidden="true"
          className="MuiSvgIcon-root"
          focusable="false"
          viewBox="0 0 24 24"
        >
          <path
            d="M12 5.9c1.16 0 2.1.94 2.1 2.1s-.94 2.1-2.1 2.1S9.9 9.16 9.9 8s.94-2.1 2.1-2.1m0 9c2.97 0 6.1 1.46 6.1 2.1v1.1H5.9V17c0-.64 3.13-2.1 6.1-2.1M12 4C9.79 4 8 5.79 8 8s1.79 4 4 4 4-1.79 4-4-1.79-4-4-4zm0 9c-2.67 0-8 1.34-8 4v3h16v-3c0-2.66-5.33-4-8-4z"
          />
        </svg>
      </span>
      <span
        className="MuiTouchRipple-root"
      />
    </button>
  </header>
  <nav
    className="makeStyles-nav-10"
  >
    <ol>
      <li>
        <a
          href="/"
        >
          <h2
            className="MuiTypography-root makeStyles-innerNav-12 makeStyles-home-14 MuiTypography-h2"
          >
            <svg
              aria-hidden="true"
              className="MuiSvgIcon-root makeStyles-homeIcon-16"
              focusable="false"
              viewBox="0 0 24 24"
            >
              <path
                d="M10 20v-6h4v6h5v-8h3L12 3 2 12h3v8z"
              />
            </svg>
             Home
          </h2>
        </a>
      </li>
      <li>
        <h6
          className="MuiTypography-root makeStyles-subHeading-15 MuiTypography-h6"
        >
          Demos & Tools
        </h6>
      </li>
      <li>
        <a
          className="makeStyles-innerNav-12 makeStyles-navLinkBackgroundHover-13"
          href="/autotrack/"
        >
          Autotrack
        </a>
      </li>
      <li>
        <a
          className="makeStyles-innerNav-12 makeStyles-navLinkBackgroundHover-13"
          href="/account-explorer/"
        >
          Account Explorer
        </a>
      </li>
      <li>
        <a
          className="makeStyles-innerNav-12 makeStyles-navLinkBackgroundHover-13"
          href="/campaign-url-builder"
        >
          Campaign URL Builder
        </a>
      </li>
      <li>
        <a
          className="makeStyles-innerNav-12 makeStyles-navLinkBackgroundHover-13"
          href="/dimensions-metrics-explorer"
        >
          Dimensions & Metrics Explorer
        </a>
      </li>
      <li>
        <a
          className="makeStyles-innerNav-12 makeStyles-navLinkBackgroundHover-13"
          href="/embed-api"
        >
          Embed API
        </a>
      </li>
      <li>
        <a
          className="makeStyles-innerNav-12 makeStyles-navLinkBackgroundHover-13"
          href="/enhanced-ecommerce"
        >
          Enhanced Ecommerce
        </a>
      </li>
      <li>
        <a
          className="makeStyles-innerNav-12 makeStyles-navLinkBackgroundHover-13"
          href="/hit-builder"
        >
          Hit Builder
        </a>
      </li>
      <li>
        <a
          className="makeStyles-innerNav-12 makeStyles-navLinkBackgroundHover-13"
          href="/query-explorer"
        >
          Query Explorer
        </a>
      </li>
      <li>
        <a
          className="makeStyles-innerNav-12 makeStyles-navLinkBackgroundHover-13"
          href="/request-composer"
        >
          Request Composer
        </a>
      </li>
      <li>
        <a
          className="makeStyles-innerNav-12 makeStyles-navLinkBackgroundHover-13"
          href="/spreadsheet-add-on"
        >
          Spreadsheet Add-on
        </a>
      </li>
      <li>
        <a
          className="makeStyles-innerNav-12 makeStyles-navLinkBackgroundHover-13"
          href="/tag-assistant"
        >
          Tag Assistant
        </a>
      </li>
      <li>
        <a
          className="makeStyles-innerNav-12 makeStyles-navLinkBackgroundHover-13"
          href="/usage-trends"
        >
          Usage Trends
        </a>
      </li>
      <li>
        <h6
          className="MuiTypography-root makeStyles-subHeading-15 MuiTypography-h6"
        >
          Resources
        </h6>
      </li>
      <li>
        <a
          className="makeStyles-innerNav-12 makeStyles-navLinkBackgroundHover-13"
          href="/#about"
        >
          About this Site
        </a>
      </li>
      <li>
        <a
          className="makeStyles-innerNav-12 makeStyles-navLinkBackgroundHover-13"
          href="/#help"
        >
          Help & feedback
        </a>
      </li>
    </ol>
  </nav>
  <main
    className="makeStyles-main-2"
  >
    <header
      className="makeStyles-header-5"
    >
      <div
        className="makeStyles-logoRow-6"
      >
        <test-file-stub
          className="makeStyles-logo-7"
        />
        <button
          aria-describedby={null}
          className="MuiButtonBase-root MuiIconButton-root"
          disabled={false}
          onBlur={[Function]}
          onClick={[Function]}
          onDragLeave={[Function]}
          onFocus={[Function]}
          onKeyDown={[Function]}
          onKeyUp={[Function]}
          onMouseDown={[Function]}
          onMouseLeave={[Function]}
          onMouseOver={[Function]}
          onMouseUp={[Function]}
          onTouchEnd={[Function]}
          onTouchMove={[Function]}
          onTouchStart={[Function]}
          tabIndex={0}
          title="Login"
          type="button"
        >
          <span
            className="MuiIconButton-label"
          >
            <svg
              aria-hidden="true"
              className="MuiSvgIcon-root"
              focusable="false"
              viewBox="0 0 24 24"
            >
              <path
                d="M12 5.9c1.16 0 2.1.94 2.1 2.1s-.94 2.1-2.1 2.1S9.9 9.16 9.9 8s.94-2.1 2.1-2.1m0 9c2.97 0 6.1 1.46 6.1 2.1v1.1H5.9V17c0-.64 3.13-2.1 6.1-2.1M12 4C9.79 4 8 5.79 8 8s1.79 4 4 4 4-1.79 4-4-1.79-4-4-4zm0 9c-2.67 0-8 1.34-8 4v3h16v-3c0-2.66-5.33-4-8-4z"
              />
            </svg>
          </span>
          <span
            className="MuiTouchRipple-root"
          />
        </button>
      </div>
      <h1
        className="MuiTypography-root MuiTypography-h1"
      >
        Page Title
      </h1>
    </header>
    <div
      className="makeStyles-contentWrapper-3"
    >
      <section
        className="makeStyles-content-4"
      >
        Content
      </section>
    </div>
  </main>
</div>
`;
